/home/maxri670/TDDI11/chap5/Src/main.c:84:5:main	32	static
/home/maxri670/TDDI11/chap5/Src/main.c:320:13:Clear_Display_Welcome	8	static
/home/maxri670/TDDI11/chap5/Src/main.c:332:13:Clear_Display_Board	32	static
/home/maxri670/TDDI11/chap5/Src/main.c:354:13:Display_Text	16	static
/home/maxri670/TDDI11/chap5/Src/main.c:362:13:Display_Other_Text	16	static
/home/maxri670/TDDI11/chap5/Src/main.c:371:6:Initialize_Board	24	static
/home/maxri670/TDDI11/chap5/Src/main.c:378:16:Check_Move_Validity	32	static
/home/maxri670/TDDI11/chap5/Src/main.c:407:16:Check_Win	24	static
/home/maxri670/TDDI11/chap5/Src/main.c:439:16:Check_Full	24	static
/home/maxri670/TDDI11/chap5/Src/main.c:469:6:SystemClock_Config	104	static
/home/maxri670/TDDI11/chap5/Src/main.c:522:13:SystemHardwareInit	72	static
/home/maxri670/TDDI11/chap5/Src/main.c:616:6:Error_Handler	8	static
/home/maxri670/TDDI11/chap5/Src/main.c:631:6:TicTacToe_PB_Callback	16	static
/home/maxri670/TDDI11/chap5/Src/main.c:644:6:TicTacToe_TS_Callback	16	static
