/home/maxri670/TDDI11/chap5/Src/main.c:84:5:main	50
/home/maxri670/TDDI11/chap5/Src/main.c:320:13:Clear_Display_Welcome	1
/home/maxri670/TDDI11/chap5/Src/main.c:332:13:Clear_Display_Board	5
/home/maxri670/TDDI11/chap5/Src/main.c:354:13:Display_Text	1
/home/maxri670/TDDI11/chap5/Src/main.c:362:13:Display_Other_Text	1
/home/maxri670/TDDI11/chap5/Src/main.c:371:6:Initialize_Board	2
/home/maxri670/TDDI11/chap5/Src/main.c:378:16:Check_Move_Validity	8
/home/maxri670/TDDI11/chap5/Src/main.c:407:16:Check_Win	15
/home/maxri670/TDDI11/chap5/Src/main.c:439:16:Check_Full	3
/home/maxri670/TDDI11/chap5/Src/main.c:469:6:SystemClock_Config	4
/home/maxri670/TDDI11/chap5/Src/main.c:522:13:SystemHardwareInit	12
/home/maxri670/TDDI11/chap5/Src/main.c:616:6:Error_Handler	1
/home/maxri670/TDDI11/chap5/Src/main.c:631:6:TicTacToe_PB_Callback	2
/home/maxri670/TDDI11/chap5/Src/main.c:644:6:TicTacToe_TS_Callback	2
