Archive member included to satisfy reference by file (symbol)

/courses/TDDI11/sw/lib/elf/libepc.a(init-cpu.o)
                              (start)
/courses/TDDI11/sw/lib/elf/libepc.a(init-idt.o)
                              main.o (IRQ2INT)
/courses/TDDI11/sw/lib/elf/libepc.a(init-crt.o)
                              /courses/TDDI11/sw/lib/elf/libepc.a(init-cpu.o) (Init_CRT)
/courses/TDDI11/sw/lib/elf/libepc.a(display.o)
                              main.o (SetCursorVisible)
/courses/TDDI11/sw/lib/elf/libepc.a(init8259.o)
                              /courses/TDDI11/sw/lib/elf/libepc.a(init-cpu.o) (Init8259)
/courses/TDDI11/sw/lib/elf/libepc.a(init8253.o)
                              /courses/TDDI11/sw/lib/elf/libepc.a(init-cpu.o) (Init8253)
/courses/TDDI11/sw/lib/elf/libepc.a(queue.o)
                              main.o (QueueCreate)
/courses/TDDI11/sw/lib/elf/libepc.a(window.o)
                              inbound.o (WindowCreate)
/courses/TDDI11/sw/lib/elf/libepc.a(checkcpu.o)
                              /courses/TDDI11/sw/lib/elf/libepc.a(init-cpu.o) (Check_CPU)
/courses/TDDI11/sw/lib/elf/libepc.a(io.o)
                              /courses/TDDI11/sw/lib/elf/libepc.a(init-idt.o) (ISR_PIC1)
/courses/TDDI11/sw/lib/elf/libepc.a(keyboard.o)
                              outbound.o (ScanCodeRdy)
/courses/TDDI11/sw/lib/elf/libepc.a(heap.o)
                              /courses/TDDI11/sw/lib/elf/libepc.a(queue.o) (malloc)
/courses/TDDI11/sw/lib/elf/djgpp/libc.a(ct_flags.o)
                              outbound.o (__dj_ctype_flags)
/courses/TDDI11/sw/lib/elf/djgpp/libc.a(memcpy.o)
                              /courses/TDDI11/sw/lib/elf/libepc.a(queue.o) (_memcpy)
/courses/TDDI11/sw/lib/elf/djgpp/libc.a(strcpy.o)
                              /courses/TDDI11/sw/lib/elf/libepc.a(window.o) (_strcpy)
/courses/TDDI11/sw/lib/elf/djgpp/libc.a(strlen.o)
                              /courses/TDDI11/sw/lib/elf/libepc.a(window.o) (_strlen)
/courses/TDDI11/sw/lib/elf/djgpp/libc.a(disable.o)
                              main.o (disable)
/courses/TDDI11/sw/lib/elf/djgpp/libc.a(enable.o)
                              main.o (enable)
/courses/TDDI11/sw/lib/elf/djgpp/libc.a(djmd.o)
                              /courses/TDDI11/sw/lib/elf/djgpp/libc.a(memcpy.o) (___dj_movedata)

Allocating common symbols
Common symbol       size              file

inbound_queue       0x4               main.o

Discarded input sections

 .eh_frame      0x0000000000000000       0x5c main.o
 .eh_frame      0x0000000000000000       0x58 inbound.o
 .eh_frame      0x0000000000000000       0x58 outbound.o

Memory Configuration

Name             Origin             Length             Attributes
conventional     0x0000000000000000 0x00000000000a0000
reserved         0x00000000000a0000 0x0000000000060000
extended         0x0000000000100000 0x00000000fff00000
*default*        0x0000000000000000 0xffffffffffffffff

Linker script and memory map

LOAD main.o
LOAD serial.o
LOAD inbound.o
LOAD outbound.o
LOAD /courses/TDDI11/sw/lib/elf/libepc.a
LOAD /courses/TDDI11/sw/lib/elf/djgpp/libc.a
LOAD /courses/TDDI11/sw/i386-elf-gcc-7.3.0/lib/gcc/i386-elf/7.3.0/libgcc.a

.text           0x0000000000000000     0x2714
                0x0000000000000000                text_frst = .
 *(.start)
 .start         0x0000000000000000        0x8 /courses/TDDI11/sw/lib/elf/libepc.a(init-cpu.o)
                0x0000000000000000                start
 *(.init)
 *(.text)
 .text          0x0000000000000008      0x11d main.o
                0x0000000000000008                main
                0x0000000000000062                InitSerial
 *fill*         0x0000000000000125        0xb 
 .text          0x0000000000000130       0x30 serial.o
                0x0000000000000130                SerialPut
                0x0000000000000141                SerialISR
 .text          0x0000000000000160       0x60 inbound.o
                0x0000000000000160                InitInBound
                0x0000000000000186                InBound
 .text          0x00000000000001c0       0xea outbound.o
                0x00000000000001c0                InitOutBound
                0x00000000000001e6                OutBound
 *fill*         0x00000000000002aa        0x2 
 .text          0x00000000000002ac       0x50 /courses/TDDI11/sw/lib/elf/libepc.a(init-cpu.o)
                0x00000000000002ac                Init_CPU
 .text          0x00000000000002fc      0x5a0 /courses/TDDI11/sw/lib/elf/libepc.a(init-idt.o)
                0x000000000000070c                IRQ2INT
                0x0000000000000720                _GetISR
                0x0000000000000764                SetISR
                0x000000000000079c                Init_IDT
 .text          0x000000000000089c      0x110 /courses/TDDI11/sw/lib/elf/libepc.a(init-crt.o)
                0x000000000000089c                Init_CRT
                0x00000000000008d0                _LastMemoryAddress
 .text          0x00000000000009ac      0x6e0 /courses/TDDI11/sw/lib/elf/libepc.a(display.o)
                0x00000000000009ac                SetCursorVisible
                0x0000000000000a30                _GetCursorRow
                0x0000000000000a44                _GetCursorCol
                0x0000000000000a58                SetCursorPosition
                0x0000000000000afc                ClearScreen
                0x0000000000000b64                _PutAttb
                0x0000000000000bb0                _PutCharAt
                0x0000000000000bdc                _PutChar
                0x0000000000000c60                PutString
                0x0000000000000c98                PutUnsigned
                0x0000000000000cd0                FormatUnsigned
                0x0000000000000d60                Unsigned2Ascii
                0x0000000000000de4                _Cell
 .text          0x000000000000108c       0xe0 /courses/TDDI11/sw/lib/elf/libepc.a(init8259.o)
                0x000000000000108c                Init8259
 .text          0x000000000000116c       0xb0 /courses/TDDI11/sw/lib/elf/libepc.a(init8253.o)
                0x000000000000116c                Init8253
 .text          0x000000000000121c      0x180 /courses/TDDI11/sw/lib/elf/libepc.a(queue.o)
                0x000000000000121c                QueueCreate
                0x0000000000001288                QueueRemove
                0x000000000000130c                QueueInsert
 .text          0x000000000000139c      0x600 /courses/TDDI11/sw/lib/elf/libepc.a(window.o)
                0x00000000000013a0                WindowCreate
                0x0000000000001488                _WindowErase
                0x00000000000014f8                WindowSelect
                0x000000000000151c                WindowSetCursor
                0x000000000000154c                WindowPutChar
                0x000000000000162c                WindowPutString
 .text          0x000000000000199c       0x98 /courses/TDDI11/sw/lib/elf/libepc.a(checkcpu.o)
                0x000000000000199c                Check_CPU
 .text          0x0000000000001a34       0x60 /courses/TDDI11/sw/lib/elf/libepc.a(io.o)
                0x0000000000001a34                TimerTickISR
                0x0000000000001a40                KeyboardISR
                0x0000000000001a60                ISR_PIC1
                0x0000000000001a67                ISR_PIC2
                0x0000000000001a70                ___main
                0x0000000000001a71                inportb
                0x0000000000001a7b                outportb
                0x0000000000001a8d                _exit
 .text          0x0000000000001a94      0x570 /courses/TDDI11/sw/lib/elf/libepc.a(keyboard.o)
                0x0000000000001a94                ScanCodeRdy
                0x0000000000001ab8                GetScanCode
                0x0000000000001ae8                ScanCode2Ascii
                0x0000000000001ca8                SetsKybdState
                0x0000000000001e98                Enqueue
 .text          0x0000000000002004      0x660 /courses/TDDI11/sw/lib/elf/libepc.a(heap.o)
                0x0000000000002004                malloc
                0x00000000000020b8                free
 .text          0x0000000000002664        0x0 /courses/TDDI11/sw/lib/elf/djgpp/libc.a(ct_flags.o)
 .text          0x0000000000002664       0x1c /courses/TDDI11/sw/lib/elf/djgpp/libc.a(memcpy.o)
                0x0000000000002664                _memcpy
 .text          0x0000000000002680       0x28 /courses/TDDI11/sw/lib/elf/djgpp/libc.a(strcpy.o)
                0x0000000000002680                _strcpy
 .text          0x00000000000026a8       0x24 /courses/TDDI11/sw/lib/elf/djgpp/libc.a(strlen.o)
                0x00000000000026a8                _strlen
 .text          0x00000000000026cc       0x10 /courses/TDDI11/sw/lib/elf/djgpp/libc.a(disable.o)
                0x00000000000026cc                disable
 .text          0x00000000000026dc       0x10 /courses/TDDI11/sw/lib/elf/djgpp/libc.a(enable.o)
                0x00000000000026dc                enable
 .text          0x00000000000026ec       0x28 /courses/TDDI11/sw/lib/elf/djgpp/libc.a(djmd.o)
                0x00000000000026ec                ___dj_movedata
                0x0000000000002713                text_last = (. - 0x1)

.data           0x0000000000002714      0x8c1
                0x0000000000002714                data_frst = .
 *(.data)
 .data          0x0000000000002714        0x0 main.o
 .data          0x0000000000002714        0x1 serial.o
 .data          0x0000000000002715        0x0 inbound.o
 .data          0x0000000000002715        0x0 outbound.o
 *fill*         0x0000000000002715        0x3 
 .data          0x0000000000002718       0x20 /courses/TDDI11/sw/lib/elf/libepc.a(init-cpu.o)
                0x0000000000002736                code_selector
 .data          0x0000000000002738       0x90 /courses/TDDI11/sw/lib/elf/libepc.a(init-idt.o)
 .data          0x00000000000027c8       0x10 /courses/TDDI11/sw/lib/elf/libepc.a(init-crt.o)
 .data          0x00000000000027d8       0x30 /courses/TDDI11/sw/lib/elf/libepc.a(display.o)
 .data          0x0000000000002808        0x0 /courses/TDDI11/sw/lib/elf/libepc.a(init8259.o)
 .data          0x0000000000002808        0x0 /courses/TDDI11/sw/lib/elf/libepc.a(init8253.o)
 .data          0x0000000000002808        0x0 /courses/TDDI11/sw/lib/elf/libepc.a(queue.o)
 .data          0x0000000000002808        0x0 /courses/TDDI11/sw/lib/elf/libepc.a(window.o)
 .data          0x0000000000002808        0xc /courses/TDDI11/sw/lib/elf/libepc.a(io.o)
                0x0000000000002808                msec
                0x000000000000280c                old_tick_isr
                0x0000000000002810                old_kybd_isr
 .data          0x0000000000002814      0x5a0 /courses/TDDI11/sw/lib/elf/libepc.a(keyboard.o)
 .data          0x0000000000002db4       0x10 /courses/TDDI11/sw/lib/elf/libepc.a(heap.o)
 .data          0x0000000000002dc4      0x204 /courses/TDDI11/sw/lib/elf/djgpp/libc.a(ct_flags.o)
                0x0000000000002dc4                __dj_ctype_flags
 .data          0x0000000000002fc8        0x0 /courses/TDDI11/sw/lib/elf/djgpp/libc.a(memcpy.o)
 .data          0x0000000000002fc8        0x0 /courses/TDDI11/sw/lib/elf/djgpp/libc.a(strcpy.o)
 .data          0x0000000000002fc8        0x0 /courses/TDDI11/sw/lib/elf/djgpp/libc.a(strlen.o)
 .data          0x0000000000002fc8        0x0 /courses/TDDI11/sw/lib/elf/djgpp/libc.a(disable.o)
 .data          0x0000000000002fc8        0x0 /courses/TDDI11/sw/lib/elf/djgpp/libc.a(enable.o)
 .data          0x0000000000002fc8        0x0 /courses/TDDI11/sw/lib/elf/djgpp/libc.a(djmd.o)
 *(.rodata)
 .rodata        0x0000000000002fc8        0x7 inbound.o
 .rodata        0x0000000000002fcf        0x6 outbound.o
 *(.rodata.str1.1)
 *(.rodata.str1.32)
                0x0000000000002fd4                data_last = (. - 0x1)

.bss            0x0000000000002fd8      0x848
                0x0000000000002fd8                bss_frst = .
 *(.bss)
 .bss           0x0000000000002fd8        0x0 main.o
 .bss           0x0000000000002fd8        0x4 inbound.o
 .bss           0x0000000000002fdc        0x4 outbound.o
 .bss           0x0000000000002fe0      0x800 /courses/TDDI11/sw/lib/elf/libepc.a(init-idt.o)
 .bss           0x00000000000037e0        0x0 /courses/TDDI11/sw/lib/elf/libepc.a(init-crt.o)
 .bss           0x00000000000037e0        0x8 /courses/TDDI11/sw/lib/elf/libepc.a(display.o)
 .bss           0x00000000000037e8        0x0 /courses/TDDI11/sw/lib/elf/libepc.a(init8259.o)
 .bss           0x00000000000037e8        0x0 /courses/TDDI11/sw/lib/elf/libepc.a(init8253.o)
 .bss           0x00000000000037e8        0x0 /courses/TDDI11/sw/lib/elf/libepc.a(queue.o)
 .bss           0x00000000000037e8        0x0 /courses/TDDI11/sw/lib/elf/libepc.a(window.o)
 .bss           0x00000000000037e8       0x34 /courses/TDDI11/sw/lib/elf/libepc.a(keyboard.o)
 .bss           0x000000000000381c        0x0 /courses/TDDI11/sw/lib/elf/libepc.a(heap.o)
 .bss           0x000000000000381c        0x0 /courses/TDDI11/sw/lib/elf/djgpp/libc.a(ct_flags.o)
 .bss           0x000000000000381c        0x0 /courses/TDDI11/sw/lib/elf/djgpp/libc.a(memcpy.o)
 .bss           0x000000000000381c        0x0 /courses/TDDI11/sw/lib/elf/djgpp/libc.a(strcpy.o)
 .bss           0x000000000000381c        0x0 /courses/TDDI11/sw/lib/elf/djgpp/libc.a(strlen.o)
 .bss           0x000000000000381c        0x0 /courses/TDDI11/sw/lib/elf/djgpp/libc.a(disable.o)
 .bss           0x000000000000381c        0x0 /courses/TDDI11/sw/lib/elf/djgpp/libc.a(enable.o)
 .bss           0x000000000000381c        0x0 /courses/TDDI11/sw/lib/elf/djgpp/libc.a(djmd.o)
 *(COMMON)
 COMMON         0x000000000000381c        0x4 main.o
                0x000000000000381c                inbound_queue
                0x000000000000381f                bss_last = (. - 0x1)

/DISCARD/
 *(.eh_frame)
                0x0000000000003820                stack_frst = (bss_last + 0x1)
                0x000000000000b81f                stack_last = (bss_last + 0x8000)
                0x000000000000b820                heap_frst = (stack_last + 0x1)
OUTPUT(embedded.bin binary)

.debug_info     0x0000000000000000      0x4a9
 .debug_info    0x0000000000000000      0x165 main.o
 .debug_info    0x0000000000000165      0x1b0 inbound.o
 .debug_info    0x0000000000000315      0x194 outbound.o

.debug_abbrev   0x0000000000000000      0x2ab
 .debug_abbrev  0x0000000000000000       0xd6 main.o
 .debug_abbrev  0x00000000000000d6       0xe7 inbound.o
 .debug_abbrev  0x00000000000001bd       0xee outbound.o

.debug_aranges  0x0000000000000000       0x60
 .debug_aranges
                0x0000000000000000       0x20 main.o
 .debug_aranges
                0x0000000000000020       0x20 inbound.o
 .debug_aranges
                0x0000000000000040       0x20 outbound.o

.debug_line     0x0000000000000000      0x1d3
 .debug_line    0x0000000000000000       0xbb main.o
 .debug_line    0x00000000000000bb       0x67 inbound.o
 .debug_line    0x0000000000000122       0xb1 outbound.o

.debug_str      0x0000000000000000      0x3d8
 .debug_str     0x0000000000000000      0x15c main.o
 .debug_str     0x000000000000015c      0x13e inbound.o
 .debug_str     0x000000000000029a      0x13e outbound.o

.comment        0x0000000000000000       0x36
 .comment       0x0000000000000000       0x12 main.o
 .comment       0x0000000000000012       0x12 inbound.o
 .comment       0x0000000000000024       0x12 outbound.o
