Archive member included to satisfy reference by file (symbol)

/courses/TDDI11/sw/lib/elf/libepc.a(init-cpu.o)
                              (start)
/courses/TDDI11/sw/lib/elf/libepc.a(init-idt.o)
                              /courses/TDDI11/sw/lib/elf/libepc.a(init-cpu.o) (Init_IDT)
/courses/TDDI11/sw/lib/elf/libepc.a(init-crt.o)
                              /courses/TDDI11/sw/lib/elf/libepc.a(init-cpu.o) (Init_CRT)
/courses/TDDI11/sw/lib/elf/libepc.a(display.o)
                              main.o (SetCursorPosition)
/courses/TDDI11/sw/lib/elf/libepc.a(init8259.o)
                              /courses/TDDI11/sw/lib/elf/libepc.a(init-cpu.o) (Init8259)
/courses/TDDI11/sw/lib/elf/libepc.a(init8253.o)
                              /courses/TDDI11/sw/lib/elf/libepc.a(init-cpu.o) (Init8253)
/courses/TDDI11/sw/lib/elf/libepc.a(cycles.o)
                              main.o (CPU_Clock_Cycles)
/courses/TDDI11/sw/lib/elf/libepc.a(checkcpu.o)
                              /courses/TDDI11/sw/lib/elf/libepc.a(init-cpu.o) (Check_CPU)
/courses/TDDI11/sw/lib/elf/libepc.a(io.o)
                              /courses/TDDI11/sw/lib/elf/libepc.a(init-idt.o) (ISR_PIC1)
/courses/TDDI11/sw/lib/elf/libepc.a(keyboard.o)
                              /courses/TDDI11/sw/lib/elf/libepc.a(io.o) (Enqueue)

Discarded input sections

 .eh_frame      0x0000000000000000       0xd4 main.o

Memory Configuration

Name             Origin             Length             Attributes
conventional     0x0000000000000000 0x00000000000a0000
reserved         0x00000000000a0000 0x0000000000060000
extended         0x0000000000100000 0x00000000fff00000
*default*        0x0000000000000000 0xffffffffffffffff

Linker script and memory map

LOAD main.o
LOAD llmultiply.o
LOAD /courses/TDDI11/sw/lib/elf/libepc.a
LOAD /courses/TDDI11/sw/lib/elf/djgpp/libc.a
LOAD /courses/TDDI11/sw/i386-elf-gcc-7.3.0/lib/gcc/i386-elf/7.3.0/libgcc.a

.text           0x0000000000000000     0x1808
                0x0000000000000000                text_frst = .
 *(.start)
 .start         0x0000000000000000        0x8 /courses/TDDI11/sw/lib/elf/libepc.a(init-cpu.o)
                0x0000000000000000                start
 *(.init)
 *(.text)
 .text          0x0000000000000008      0x151 main.o
                0x0000000000000008                PutUnsignedLongLong
                0x0000000000000030                llmultiply_
 *fill*         0x0000000000000159        0x7 
 .text          0x0000000000000160       0x60 llmultiply.o
                0x0000000000000160                llmultiply
 .text          0x00000000000001c0       0x50 /courses/TDDI11/sw/lib/elf/libepc.a(init-cpu.o)
                0x00000000000001c0                Init_CPU
 .text          0x0000000000000210      0x5a0 /courses/TDDI11/sw/lib/elf/libepc.a(init-idt.o)
                0x0000000000000620                IRQ2INT
                0x0000000000000634                _GetISR
                0x0000000000000678                SetISR
                0x00000000000006b0                Init_IDT
 .text          0x00000000000007b0      0x110 /courses/TDDI11/sw/lib/elf/libepc.a(init-crt.o)
                0x00000000000007b0                Init_CRT
                0x00000000000007e4                _LastMemoryAddress
 .text          0x00000000000008c0      0x6e0 /courses/TDDI11/sw/lib/elf/libepc.a(display.o)
                0x00000000000008c0                SetCursorVisible
                0x0000000000000944                _GetCursorRow
                0x0000000000000958                _GetCursorCol
                0x000000000000096c                SetCursorPosition
                0x0000000000000a10                ClearScreen
                0x0000000000000a78                _PutAttb
                0x0000000000000ac4                _PutCharAt
                0x0000000000000af0                _PutChar
                0x0000000000000b74                PutString
                0x0000000000000bac                PutUnsigned
                0x0000000000000be4                FormatUnsigned
                0x0000000000000c74                Unsigned2Ascii
                0x0000000000000cf8                _Cell
 .text          0x0000000000000fa0       0xe0 /courses/TDDI11/sw/lib/elf/libepc.a(init8259.o)
                0x0000000000000fa0                Init8259
 .text          0x0000000000001080       0xb0 /courses/TDDI11/sw/lib/elf/libepc.a(init8253.o)
                0x0000000000001080                Init8253
 .text          0x0000000000001130       0x70 /courses/TDDI11/sw/lib/elf/libepc.a(cycles.o)
                0x0000000000001130                CPU_Clock_Cycles
 .text          0x00000000000011a0       0x98 /courses/TDDI11/sw/lib/elf/libepc.a(checkcpu.o)
                0x00000000000011a0                Check_CPU
 .text          0x0000000000001238       0x60 /courses/TDDI11/sw/lib/elf/libepc.a(io.o)
                0x0000000000001238                TimerTickISR
                0x0000000000001244                KeyboardISR
                0x0000000000001264                ISR_PIC1
                0x000000000000126b                ISR_PIC2
                0x0000000000001274                ___main
                0x0000000000001275                inportb
                0x000000000000127f                outportb
                0x0000000000001291                _exit
 .text          0x0000000000001298      0x570 /courses/TDDI11/sw/lib/elf/libepc.a(keyboard.o)
                0x0000000000001298                ScanCodeRdy
                0x00000000000012bc                GetScanCode
                0x00000000000012ec                ScanCode2Ascii
                0x00000000000014ac                SetsKybdState
                0x000000000000169c                Enqueue
                0x0000000000001807                text_last = (. - 0x1)

.text.startup   0x0000000000001808      0x18f
 .text.startup  0x0000000000001808      0x18f main.o
                0x0000000000001808                main

.data           0x00000000000019a0      0x77f
                0x00000000000019a0                data_frst = .
 *(.data)
 .data          0x00000000000019a0       0xc0 main.o
                0x00000000000019a0                cases
 .data          0x0000000000001a60        0x0 llmultiply.o
 .data          0x0000000000001a60       0x20 /courses/TDDI11/sw/lib/elf/libepc.a(init-cpu.o)
                0x0000000000001a7e                code_selector
 .data          0x0000000000001a80       0x90 /courses/TDDI11/sw/lib/elf/libepc.a(init-idt.o)
 .data          0x0000000000001b10       0x10 /courses/TDDI11/sw/lib/elf/libepc.a(init-crt.o)
 .data          0x0000000000001b20       0x30 /courses/TDDI11/sw/lib/elf/libepc.a(display.o)
 .data          0x0000000000001b50        0x0 /courses/TDDI11/sw/lib/elf/libepc.a(init8259.o)
 .data          0x0000000000001b50        0x0 /courses/TDDI11/sw/lib/elf/libepc.a(init8253.o)
 .data          0x0000000000001b50        0x4 /courses/TDDI11/sw/lib/elf/libepc.a(cycles.o)
 .data          0x0000000000001b54        0xc /courses/TDDI11/sw/lib/elf/libepc.a(io.o)
                0x0000000000001b54                msec
                0x0000000000001b58                old_tick_isr
                0x0000000000001b5c                old_kybd_isr
 .data          0x0000000000001b60      0x5a0 /courses/TDDI11/sw/lib/elf/libepc.a(keyboard.o)
 *(.rodata)
 *(.rodata.str1.1)
 .rodata.str1.1
                0x0000000000002100       0x1f main.o
 *(.rodata.str1.32)
                0x000000000000211e                data_last = (. - 0x1)

.bss            0x0000000000002120      0x83c
                0x0000000000002120                bss_frst = .
 *(.bss)
 .bss           0x0000000000002120        0x0 main.o
 .bss           0x0000000000002120      0x800 /courses/TDDI11/sw/lib/elf/libepc.a(init-idt.o)
 .bss           0x0000000000002920        0x0 /courses/TDDI11/sw/lib/elf/libepc.a(init-crt.o)
 .bss           0x0000000000002920        0x8 /courses/TDDI11/sw/lib/elf/libepc.a(display.o)
 .bss           0x0000000000002928        0x0 /courses/TDDI11/sw/lib/elf/libepc.a(init8259.o)
 .bss           0x0000000000002928        0x0 /courses/TDDI11/sw/lib/elf/libepc.a(init8253.o)
 .bss           0x0000000000002928       0x34 /courses/TDDI11/sw/lib/elf/libepc.a(keyboard.o)
 *(COMMON)
                0x000000000000295b                bss_last = (. - 0x1)

/DISCARD/
 *(.eh_frame)
                0x000000000000295c                stack_frst = (bss_last + 0x1)
                0x000000000000a95b                stack_last = (bss_last + 0x8000)
                0x000000000000a95c                heap_frst = (stack_last + 0x1)
OUTPUT(embedded.bin binary)

.debug_info     0x0000000000000000      0x668
 .debug_info    0x0000000000000000      0x668 main.o

.debug_abbrev   0x0000000000000000      0x205
 .debug_abbrev  0x0000000000000000      0x205 main.o

.debug_loc      0x0000000000000000      0x401
 .debug_loc     0x0000000000000000      0x401 main.o

.debug_aranges  0x0000000000000000       0x28
 .debug_aranges
                0x0000000000000000       0x28 main.o

.debug_ranges   0x0000000000000000       0x18
 .debug_ranges  0x0000000000000000       0x18 main.o

.debug_line     0x0000000000000000      0x15c
 .debug_line    0x0000000000000000      0x15c main.o

.debug_str      0x0000000000000000      0x27c
 .debug_str     0x0000000000000000      0x27c main.o

.comment        0x0000000000000000       0x12
 .comment       0x0000000000000000       0x12 main.o
